src/modules/customer-relationship-management/customer-management/customer/components/CustomerFormSheet.tsx(11,8): error TS2307: Cannot find module '@/components/ui/sheet' or its corresponding type declarations.
src/modules/customer-relationship-management/customer-management/customer/components/CustomerFormSheet.tsx(14,8): error TS2307: Cannot find module '@/components/ui/form' or its corresponding type declarations.
src/modules/customer-relationship-management/customer-management/customer/components/CustomerFormSheet.tsx(17,8): error TS2307: Cannot find module '@/components/ui/command' or its corresponding type declarations.
src/modules/customer-relationship-management/customer-management/customer/components/CustomerFormSheet.tsx(20,8): error TS2307: Cannot find module '@/components/ui/popover' or its corresponding type declarations.
src/modules/customer-relationship-management/customer-management/customer/components/CustomerFormSheet.tsx(21,23): error TS2307: Cannot find module '@/components/ui/input' or its corresponding type declarations.
src/modules/customer-relationship-management/customer-management/customer/components/CustomerFormSheet.tsx(22,24): error TS2307: Cannot find module '@/components/ui/button' or its corresponding type declarations.
src/modules/customer-relationship-management/customer-management/customer/components/CustomerFormSheet.tsx(23,26): error TS2307: Cannot find module '@/components/ui/checkbox' or its corresponding type declarations.
src/modules/customer-relationship-management/customer-management/customer/components/CustomerFormSheet.tsx(24,58): error TS2307: Cannot find module '@/components/ui/tabs' or its corresponding type declarations.
src/modules/customer-relationship-management/customer-management/customer/components/CustomerFormSheet.tsx(27,8): error TS2307: Cannot find module '@/components/ui/select' or its corresponding type declarations.
src/modules/customer-relationship-management/customer-management/customer/components/CustomerFormSheet.tsx(29,36): error TS6142: Module './BankAccountManager' was resolved to 'C:/Users/peral/WebstormProjects/customer-relationship-management/src/modules/customer-relationship-management/customer-management/customer/components/BankAccountManager.tsx', but '--jsx' is not set.
src/modules/customer-relationship-management/customer-management/customer/components/CustomerFormSheet.tsx(31,20): error TS2307: Cannot find module '@/lib/utils' or its corresponding type declarations.
src/modules/customer-relationship-management/customer-management/customer/components/CustomerFormSheet.tsx(75,9): error TS17004: Cannot use JSX unless the '--jsx' flag is provided.
src/modules/customer-relationship-management/customer-management/customer/components/CustomerFormSheet.tsx(76,13): error TS17004: Cannot use JSX unless the '--jsx' flag is provided.
src/modules/customer-relationship-management/customer-management/customer/components/CustomerFormSheet.tsx(77,17): error TS17004: Cannot use JSX unless the '--jsx' flag is provided.
src/modules/customer-relationship-management/customer-management/customer/components/CustomerFormSheet.tsx(78,21): error TS17004: Cannot use JSX unless the '--jsx' flag is provided.
src/modules/customer-relationship-management/customer-management/customer/components/CustomerFormSheet.tsx(81,25): error TS17004: Cannot use JSX unless the '--jsx' flag is provided.
src/modules/customer-relationship-management/customer-management/customer/components/CustomerFormSheet.tsx(85,13): error TS17004: Cannot use JSX unless the '--jsx' flag is provided.
src/modules/customer-relationship-management/customer-management/customer/components/CustomerFormSheet.tsx(86,17): error TS17004: Cannot use JSX unless the '--jsx' flag is provided.
src/modules/customer-relationship-management/customer-management/customer/components/CustomerFormSheet.tsx(87,21): error TS17004: Cannot use JSX unless the '--jsx' flag is provided.
src/modules/customer-relationship-management/customer-management/customer/components/CustomerFormSheet.tsx(89,21): error TS17004: Cannot use JSX unless the '--jsx' flag is provided.
src/modules/customer-relationship-management/customer-management/customer/components/CustomerFormSheet.tsx(90,25): error TS17004: Cannot use JSX unless the '--jsx' flag is provided.
src/modules/customer-relationship-management/customer-management/customer/components/CustomerFormSheet.tsx(92,33): error TS17004: Cannot use JSX unless the '--jsx' flag is provided.
src/modules/customer-relationship-management/customer-management/customer/components/CustomerFormSheet.tsx(99,37): error TS17004: Cannot use JSX unless the '--jsx' flag is provided.
src/modules/customer-relationship-management/customer-management/customer/components/CustomerFormSheet.tsx(103,25): error TS17004: Cannot use JSX unless the '--jsx' flag is provided.
src/modules/customer-relationship-management/customer-management/customer/components/CustomerFormSheet.tsx(105,33): error TS17004: Cannot use JSX unless the '--jsx' flag is provided.
src/modules/customer-relationship-management/customer-management/customer/components/CustomerFormSheet.tsx(113,37): error TS17004: Cannot use JSX unless the '--jsx' flag is provided.
src/modules/customer-relationship-management/customer-management/customer/components/CustomerFormSheet.tsx(133,9): error TS17004: Cannot use JSX unless the '--jsx' flag is provided.
src/modules/customer-relationship-management/customer-management/customer/components/CustomerFormSheet.tsx(134,13): error TS17004: Cannot use JSX unless the '--jsx' flag is provided.
src/modules/customer-relationship-management/customer-management/customer/components/CustomerFormSheet.tsx(135,17): error TS17004: Cannot use JSX unless the '--jsx' flag is provided.
src/modules/customer-relationship-management/customer-management/customer/components/CustomerFormSheet.tsx(136,21): error TS17004: Cannot use JSX unless the '--jsx' flag is provided.
src/modules/customer-relationship-management/customer-management/customer/components/CustomerFormSheet.tsx(142,25): error TS17004: Cannot use JSX unless the '--jsx' flag is provided.
src/modules/customer-relationship-management/customer-management/customer/components/CustomerFormSheet.tsx(143,43): error TS17004: Cannot use JSX unless the '--jsx' flag is provided.
src/modules/customer-relationship-management/customer-management/customer/components/CustomerFormSheet.tsx(146,25): error TS17004: Cannot use JSX unless the '--jsx' flag is provided.
src/modules/customer-relationship-management/customer-management/customer/components/CustomerFormSheet.tsx(150,13): error TS17004: Cannot use JSX unless the '--jsx' flag is provided.
src/modules/customer-relationship-management/customer-management/customer/components/CustomerFormSheet.tsx(151,17): error TS17004: Cannot use JSX unless the '--jsx' flag is provided.
src/modules/customer-relationship-management/customer-management/customer/components/CustomerFormSheet.tsx(152,21): error TS17004: Cannot use JSX unless the '--jsx' flag is provided.
src/modules/customer-relationship-management/customer-management/customer/components/CustomerFormSheet.tsx(153,21): error TS17004: Cannot use JSX unless the '--jsx' flag is provided.
src/modules/customer-relationship-management/customer-management/customer/components/CustomerFormSheet.tsx(154,25): error TS17004: Cannot use JSX unless the '--jsx' flag is provided.
src/modules/customer-relationship-management/customer-management/customer/components/CustomerFormSheet.tsx(155,25): error TS17004: Cannot use JSX unless the '--jsx' flag is provided.
src/modules/customer-relationship-management/customer-management/customer/components/CustomerFormSheet.tsx(157,33): error TS17004: Cannot use JSX unless the '--jsx' flag is provided.
src/modules/customer-relationship-management/customer-management/customer/components/CustomerFormSheet.tsx(165,37): error TS17004: Cannot use JSX unless the '--jsx' flag is provided.
src/modules/customer-relationship-management/customer-management/customer/components/CustomerFormSheet.tsx(532,9): error TS17004: Cannot use JSX unless the '--jsx' flag is provided.
src/modules/customer-relationship-management/customer-management/customer/components/CustomerFormSheet.tsx(533,13): error TS17004: Cannot use JSX unless the '--jsx' flag is provided.
src/modules/customer-relationship-management/customer-management/customer/components/CustomerFormSheet.tsx(536,17): error TS17004: Cannot use JSX unless the '--jsx' flag is provided.
src/modules/customer-relationship-management/customer-management/customer/components/CustomerFormSheet.tsx(537,21): error TS17004: Cannot use JSX unless the '--jsx' flag is provided.
src/modules/customer-relationship-management/customer-management/customer/components/CustomerFormSheet.tsx(538,25): error TS17004: Cannot use JSX unless the '--jsx' flag is provided.
src/modules/customer-relationship-management/customer-management/customer/components/CustomerFormSheet.tsx(539,29): error TS17004: Cannot use JSX unless the '--jsx' flag is provided.
src/modules/customer-relationship-management/customer-management/customer/components/CustomerFormSheet.tsx(540,33): error TS17004: Cannot use JSX unless the '--jsx' flag is provided.
src/modules/customer-relationship-management/customer-management/customer/components/CustomerFormSheet.tsx(542,29): error TS17004: Cannot use JSX unless the '--jsx' flag is provided.
src/modules/customer-relationship-management/customer-management/customer/components/CustomerFormSheet.tsx(543,33): error TS17004: Cannot use JSX unless the '--jsx' flag is provided.
src/modules/customer-relationship-management/customer-management/customer/components/CustomerFormSheet.tsx(547,33): error TS17004: Cannot use JSX unless the '--jsx' flag is provided.
src/modules/customer-relationship-management/customer-management/customer/components/CustomerFormSheet.tsx(555,17): error TS17004: Cannot use JSX unless the '--jsx' flag is provided.
src/modules/customer-relationship-management/customer-management/customer/components/CustomerFormSheet.tsx(556,21): error TS17004: Cannot use JSX unless the '--jsx' flag is provided.
src/modules/customer-relationship-management/customer-management/customer/components/CustomerFormSheet.tsx(558,25): error TS17004: Cannot use JSX unless the '--jsx' flag is provided.
src/modules/customer-relationship-management/customer-management/customer/components/CustomerFormSheet.tsx(560,29): error TS17004: Cannot use JSX unless the '--jsx' flag is provided.
src/modules/customer-relationship-management/customer-management/customer/components/CustomerFormSheet.tsx(561,33): error TS17004: Cannot use JSX unless the '--jsx' flag is provided.
src/modules/customer-relationship-management/customer-management/customer/components/CustomerFormSheet.tsx(562,37): error TS17004: Cannot use JSX unless the '--jsx' flag is provided.
src/modules/customer-relationship-management/customer-management/customer/components/CustomerFormSheet.tsx(563,124): error TS17004: Cannot use JSX unless the '--jsx' flag is provided.
src/modules/customer-relationship-management/customer-management/customer/components/CustomerFormSheet.tsx(565,37): error TS17004: Cannot use JSX unless the '--jsx' flag is provided.
src/modules/customer-relationship-management/customer-management/customer/components/CustomerFormSheet.tsx(566,124): error TS17004: Cannot use JSX unless the '--jsx' flag is provided.
src/modules/customer-relationship-management/customer-management/customer/components/CustomerFormSheet.tsx(568,37): error TS17004: Cannot use JSX unless the '--jsx' flag is provided.
src/modules/customer-relationship-management/customer-management/customer/components/CustomerFormSheet.tsx(569,124): error TS17004: Cannot use JSX unless the '--jsx' flag is provided.
src/modules/customer-relationship-management/customer-management/customer/components/CustomerFormSheet.tsx(571,37): error TS17004: Cannot use JSX unless the '--jsx' flag is provided.
src/modules/customer-relationship-management/customer-management/customer/components/CustomerFormSheet.tsx(572,124): error TS17004: Cannot use JSX unless the '--jsx' flag is provided.
src/modules/customer-relationship-management/customer-management/customer/components/CustomerFormSheet.tsx(577,29): error TS17004: Cannot use JSX unless the '--jsx' flag is provided.
src/modules/customer-relationship-management/customer-management/customer/components/CustomerFormSheet.tsx(579,33): error TS17004: Cannot use JSX unless the '--jsx' flag is provided.
src/modules/customer-relationship-management/customer-management/customer/components/CustomerFormSheet.tsx(581,37): error TS17004: Cannot use JSX unless the '--jsx' flag is provided.
src/modules/customer-relationship-management/customer-management/customer/components/CustomerFormSheet.tsx(582,41): error TS17004: Cannot use JSX unless the '--jsx' flag is provided.
src/modules/customer-relationship-management/customer-management/customer/components/CustomerFormSheet.tsx(583,45): error TS17004: Cannot use JSX unless the '--jsx' flag is provided.
src/modules/customer-relationship-management/customer-management/customer/components/CustomerFormSheet.tsx(583,55): error TS17004: Cannot use JSX unless the '--jsx' flag is provided.
src/modules/customer-relationship-management/customer-management/customer/components/CustomerFormSheet.tsx(585,65): error TS17004: Cannot use JSX unless the '--jsx' flag is provided.
src/modules/customer-relationship-management/customer-management/customer/components/CustomerFormSheet.tsx(585,78): error TS17004: Cannot use JSX unless the '--jsx' flag is provided.
src/modules/customer-relationship-management/customer-management/customer/components/CustomerFormSheet.tsx(586,135): error TS17004: Cannot use JSX unless the '--jsx' flag is provided.
src/modules/customer-relationship-management/customer-management/customer/components/CustomerFormSheet.tsx(588,41): error TS17004: Cannot use JSX unless the '--jsx' flag is provided.
src/modules/customer-relationship-management/customer-management/customer/components/CustomerFormSheet.tsx(589,45): error TS17004: Cannot use JSX unless the '--jsx' flag is provided.
src/modules/customer-relationship-management/customer-management/customer/components/CustomerFormSheet.tsx(589,55): error TS17004: Cannot use JSX unless the '--jsx' flag is provided.
src/modules/customer-relationship-management/customer-management/customer/components/CustomerFormSheet.tsx(591,65): error TS17004: Cannot use JSX unless the '--jsx' flag is provided.
src/modules/customer-relationship-management/customer-management/customer/components/CustomerFormSheet.tsx(591,78): error TS17004: Cannot use JSX unless the '--jsx' flag is provided.
src/modules/customer-relationship-management/customer-management/customer/components/CustomerFormSheet.tsx(592,135): error TS17004: Cannot use JSX unless the '--jsx' flag is provided.
src/modules/customer-relationship-management/customer-management/customer/components/CustomerFormSheet.tsx(595,41): error TS17004: Cannot use JSX unless the '--jsx' flag is provided.
src/modules/customer-relationship-management/customer-management/customer/components/CustomerFormSheet.tsx(596,45): error TS17004: Cannot use JSX unless the '--jsx' flag is provided.
src/modules/customer-relationship-management/customer-management/customer/components/CustomerFormSheet.tsx(596,88): error TS17004: Cannot use JSX unless the '--jsx' flag is provided.
src/modules/customer-relationship-management/customer-management/customer/components/CustomerFormSheet.tsx(598,65): error TS17004: Cannot use JSX unless the '--jsx' flag is provided.
src/modules/customer-relationship-management/customer-management/customer/components/CustomerFormSheet.tsx(603,108): error TS17004: Cannot use JSX unless the '--jsx' flag is provided.
src/modules/customer-relationship-management/customer-management/customer/components/CustomerFormSheet.tsx(606,41): error TS17004: Cannot use JSX unless the '--jsx' flag is provided.
src/modules/customer-relationship-management/customer-management/customer/components/CustomerFormSheet.tsx(607,45): error TS17004: Cannot use JSX unless the '--jsx' flag is provided.
src/modules/customer-relationship-management/customer-management/customer/components/CustomerFormSheet.tsx(607,88): error TS17004: Cannot use JSX unless the '--jsx' flag is provided.
src/modules/customer-relationship-management/customer-management/customer/components/CustomerFormSheet.tsx(608,137): error TS17004: Cannot use JSX unless the '--jsx' flag is provided.
src/modules/customer-relationship-management/customer-management/customer/components/CustomerFormSheet.tsx(611,77): error TS17004: Cannot use JSX unless the '--jsx' flag is provided.
src/modules/customer-relationship-management/customer-management/customer/components/CustomerFormSheet.tsx(614,41): error TS17004: Cannot use JSX unless the '--jsx' flag is provided.
src/modules/customer-relationship-management/customer-management/customer/components/CustomerFormSheet.tsx(615,45): error TS17004: Cannot use JSX unless the '--jsx' flag is provided.
src/modules/customer-relationship-management/customer-management/customer/components/CustomerFormSheet.tsx(615,55): error TS17004: Cannot use JSX unless the '--jsx' flag is provided.
src/modules/customer-relationship-management/customer-management/customer/components/CustomerFormSheet.tsx(617,65): error TS17004: Cannot use JSX unless the '--jsx' flag is provided.
src/modules/customer-relationship-management/customer-management/customer/components/CustomerFormSheet.tsx(617,78): error TS17004: Cannot use JSX unless the '--jsx' flag is provided.
src/modules/customer-relationship-management/customer-management/customer/components/CustomerFormSheet.tsx(618,138): error TS17004: Cannot use JSX unless the '--jsx' flag is provided.
src/modules/customer-relationship-management/customer-management/customer/components/CustomerFormSheet.tsx(620,41): error TS17004: Cannot use JSX unless the '--jsx' flag is provided.
src/modules/customer-relationship-management/customer-management/customer/components/CustomerFormSheet.tsx(621,45): error TS17004: Cannot use JSX unless the '--jsx' flag is provided.
src/modules/customer-relationship-management/customer-management/customer/components/CustomerFormSheet.tsx(621,55): error TS17004: Cannot use JSX unless the '--jsx' flag is provided.
src/modules/customer-relationship-management/customer-management/customer/components/CustomerFormSheet.tsx(623,68): error TS17004: Cannot use JSX unless the '--jsx' flag is provided.
src/modules/customer-relationship-management/customer-management/customer/components/CustomerFormSheet.tsx(623,81): error TS17004: Cannot use JSX unless the '--jsx' flag is provided.
src/modules/customer-relationship-management/customer-management/customer/components/CustomerFormSheet.tsx(624,149): error TS17004: Cannot use JSX unless the '--jsx' flag is provided.
src/modules/customer-relationship-management/customer-management/customer/components/CustomerFormSheet.tsx(629,33): error TS17004: Cannot use JSX unless the '--jsx' flag is provided.
src/modules/customer-relationship-management/customer-management/customer/components/CustomerFormSheet.tsx(631,37): error TS17004: Cannot use JSX unless the '--jsx' flag is provided.
src/modules/customer-relationship-management/customer-management/customer/components/CustomerFormSheet.tsx(632,41): error TS17004: Cannot use JSX unless the '--jsx' flag is provided.
src/modules/customer-relationship-management/customer-management/customer/components/CustomerFormSheet.tsx(633,45): error TS17004: Cannot use JSX unless the '--jsx' flag is provided.
src/modules/customer-relationship-management/customer-management/customer/components/CustomerFormSheet.tsx(634,49): error TS17004: Cannot use JSX unless the '--jsx' flag is provided.
src/modules/customer-relationship-management/customer-management/customer/components/CustomerFormSheet.tsx(636,49): error TS17004: Cannot use JSX unless the '--jsx' flag is provided.
src/modules/customer-relationship-management/customer-management/customer/components/CustomerFormSheet.tsx(648,49): error TS17004: Cannot use JSX unless the '--jsx' flag is provided.
src/modules/customer-relationship-management/customer-management/customer/components/CustomerFormSheet.tsx(652,41): error TS17004: Cannot use JSX unless the '--jsx' flag is provided.
src/modules/customer-relationship-management/customer-management/customer/components/CustomerFormSheet.tsx(653,45): error TS17004: Cannot use JSX unless the '--jsx' flag is provided.
src/modules/customer-relationship-management/customer-management/customer/components/CustomerFormSheet.tsx(654,49): error TS17004: Cannot use JSX unless the '--jsx' flag is provided.
src/modules/customer-relationship-management/customer-management/customer/components/CustomerFormSheet.tsx(657,49): error TS17004: Cannot use JSX unless the '--jsx' flag is provided.
src/modules/customer-relationship-management/customer-management/customer/components/CustomerFormSheet.tsx(668,49): error TS17004: Cannot use JSX unless the '--jsx' flag is provided.
src/modules/customer-relationship-management/customer-management/customer/components/CustomerFormSheet.tsx(672,41): error TS17004: Cannot use JSX unless the '--jsx' flag is provided.
src/modules/customer-relationship-management/customer-management/customer/components/CustomerFormSheet.tsx(673,45): error TS17004: Cannot use JSX unless the '--jsx' flag is provided.
src/modules/customer-relationship-management/customer-management/customer/components/CustomerFormSheet.tsx(674,49): error TS17004: Cannot use JSX unless the '--jsx' flag is provided.
src/modules/customer-relationship-management/customer-management/customer/components/CustomerFormSheet.tsx(676,49): error TS17004: Cannot use JSX unless the '--jsx' flag is provided.
src/modules/customer-relationship-management/customer-management/customer/components/CustomerFormSheet.tsx(684,49): error TS17004: Cannot use JSX unless the '--jsx' flag is provided.
src/modules/customer-relationship-management/customer-management/customer/components/CustomerFormSheet.tsx(688,41): error TS17004: Cannot use JSX unless the '--jsx' flag is provided.
src/modules/customer-relationship-management/customer-management/customer/components/CustomerFormSheet.tsx(689,45): error TS17004: Cannot use JSX unless the '--jsx' flag is provided.
src/modules/customer-relationship-management/customer-management/customer/components/CustomerFormSheet.tsx(689,55): error TS17004: Cannot use JSX unless the '--jsx' flag is provided.
src/modules/customer-relationship-management/customer-management/customer/components/CustomerFormSheet.tsx(691,67): error TS17004: Cannot use JSX unless the '--jsx' flag is provided.
src/modules/customer-relationship-management/customer-management/customer/components/CustomerFormSheet.tsx(691,80): error TS17004: Cannot use JSX unless the '--jsx' flag is provided.
src/modules/customer-relationship-management/customer-management/customer/components/CustomerFormSheet.tsx(692,140): error TS17004: Cannot use JSX unless the '--jsx' flag is provided.
src/modules/customer-relationship-management/customer-management/customer/components/CustomerFormSheet.tsx(694,41): error TS17004: Cannot use JSX unless the '--jsx' flag is provided.
src/modules/customer-relationship-management/customer-management/customer/components/CustomerFormSheet.tsx(695,45): error TS17004: Cannot use JSX unless the '--jsx' flag is provided.
src/modules/customer-relationship-management/customer-management/customer/components/CustomerFormSheet.tsx(695,55): error TS17004: Cannot use JSX unless the '--jsx' flag is provided.
src/modules/customer-relationship-management/customer-management/customer/components/CustomerFormSheet.tsx(697,67): error TS17004: Cannot use JSX unless the '--jsx' flag is provided.
src/modules/customer-relationship-management/customer-management/customer/components/CustomerFormSheet.tsx(697,80): error TS17004: Cannot use JSX unless the '--jsx' flag is provided.
src/modules/customer-relationship-management/customer-management/customer/components/CustomerFormSheet.tsx(698,105): error TS17004: Cannot use JSX unless the '--jsx' flag is provided.
src/modules/customer-relationship-management/customer-management/customer/components/CustomerFormSheet.tsx(700,41): error TS17004: Cannot use JSX unless the '--jsx' flag is provided.
src/modules/customer-relationship-management/customer-management/customer/components/CustomerFormSheet.tsx(701,45): error TS17004: Cannot use JSX unless the '--jsx' flag is provided.
src/modules/customer-relationship-management/customer-management/customer/components/CustomerFormSheet.tsx(701,81): error TS17004: Cannot use JSX unless the '--jsx' flag is provided.
src/modules/customer-relationship-management/customer-management/customer/components/CustomerFormSheet.tsx(703,68): error TS17004: Cannot use JSX unless the '--jsx' flag is provided.
src/modules/customer-relationship-management/customer-management/customer/components/CustomerFormSheet.tsx(703,81): error TS17004: Cannot use JSX unless the '--jsx' flag is provided.
src/modules/customer-relationship-management/customer-management/customer/components/CustomerFormSheet.tsx(705,150): error TS17004: Cannot use JSX unless the '--jsx' flag is provided.
src/modules/customer-relationship-management/customer-management/customer/components/CustomerFormSheet.tsx(710,33): error TS17004: Cannot use JSX unless the '--jsx' flag is provided.
src/modules/customer-relationship-management/customer-management/customer/components/CustomerFormSheet.tsx(712,37): error TS17004: Cannot use JSX unless the '--jsx' flag is provided.
src/modules/customer-relationship-management/customer-management/customer/components/CustomerFormSheet.tsx(713,41): error TS17004: Cannot use JSX unless the '--jsx' flag is provided.
src/modules/customer-relationship-management/customer-management/customer/components/CustomerFormSheet.tsx(714,45): error TS17004: Cannot use JSX unless the '--jsx' flag is provided.
src/modules/customer-relationship-management/customer-management/customer/components/CustomerFormSheet.tsx(715,49): error TS17004: Cannot use JSX unless the '--jsx' flag is provided.
src/modules/customer-relationship-management/customer-management/customer/components/CustomerFormSheet.tsx(718,49): error TS17004: Cannot use JSX unless the '--jsx' flag is provided.
src/modules/customer-relationship-management/customer-management/customer/components/CustomerFormSheet.tsx(723,53): error TS17004: Cannot use JSX unless the '--jsx' flag is provided.
src/modules/customer-relationship-management/customer-management/customer/components/CustomerFormSheet.tsx(724,57): error TS17004: Cannot use JSX unless the '--jsx' flag is provided.
src/modules/customer-relationship-management/customer-management/customer/components/CustomerFormSheet.tsx(725,61): error TS17004: Cannot use JSX unless the '--jsx' flag is provided.
src/modules/customer-relationship-management/customer-management/customer/components/CustomerFormSheet.tsx(728,53): error TS17004: Cannot use JSX unless the '--jsx' flag is provided.
src/modules/customer-relationship-management/customer-management/customer/components/CustomerFormSheet.tsx(730,61): error TS17004: Cannot use JSX unless the '--jsx' flag is provided.
src/modules/customer-relationship-management/customer-management/customer/components/CustomerFormSheet.tsx(736,49): error TS17004: Cannot use JSX unless the '--jsx' flag is provided.
src/modules/customer-relationship-management/customer-management/customer/components/CustomerFormSheet.tsx(739,41): error TS17004: Cannot use JSX unless the '--jsx' flag is provided.
src/modules/customer-relationship-management/customer-management/customer/components/CustomerFormSheet.tsx(740,45): error TS17004: Cannot use JSX unless the '--jsx' flag is provided.
src/modules/customer-relationship-management/customer-management/customer/components/CustomerFormSheet.tsx(740,55): error TS17004: Cannot use JSX unless the '--jsx' flag is provided.
src/modules/customer-relationship-management/customer-management/customer/components/CustomerFormSheet.tsx(742,65): error TS17004: Cannot use JSX unless the '--jsx' flag is provided.
src/modules/customer-relationship-management/customer-management/customer/components/CustomerFormSheet.tsx(742,78): error TS17004: Cannot use JSX unless the '--jsx' flag is provided.
src/modules/customer-relationship-management/customer-management/customer/components/CustomerFormSheet.tsx(743,143): error TS17004: Cannot use JSX unless the '--jsx' flag is provided.
src/modules/customer-relationship-management/customer-management/customer/components/CustomerFormSheet.tsx(747,37): error TS17004: Cannot use JSX unless the '--jsx' flag is provided.
src/modules/customer-relationship-management/customer-management/customer/components/CustomerFormSheet.tsx(749,41): error TS17004: Cannot use JSX unless the '--jsx' flag is provided.
src/modules/customer-relationship-management/customer-management/customer/components/CustomerFormSheet.tsx(750,45): error TS17004: Cannot use JSX unless the '--jsx' flag is provided.
src/modules/customer-relationship-management/customer-management/customer/components/CustomerFormSheet.tsx(751,108): error TS17004: Cannot use JSX unless the '--jsx' flag is provided.
src/modules/customer-relationship-management/customer-management/customer/components/CustomerFormSheet.tsx(751,121): error TS17004: Cannot use JSX unless the '--jsx' flag is provided.
src/modules/customer-relationship-management/customer-management/customer/components/CustomerFormSheet.tsx(754,96): error TS17004: Cannot use JSX unless the '--jsx' flag is provided.
src/modules/customer-relationship-management/customer-management/customer/components/CustomerFormSheet.tsx(758,41): error TS17004: Cannot use JSX unless the '--jsx' flag is provided.
src/modules/customer-relationship-management/customer-management/customer/components/CustomerFormSheet.tsx(759,45): error TS17004: Cannot use JSX unless the '--jsx' flag is provided.
src/modules/customer-relationship-management/customer-management/customer/components/CustomerFormSheet.tsx(760,108): error TS17004: Cannot use JSX unless the '--jsx' flag is provided.
src/modules/customer-relationship-management/customer-management/customer/components/CustomerFormSheet.tsx(760,121): error TS17004: Cannot use JSX unless the '--jsx' flag is provided.
src/modules/customer-relationship-management/customer-management/customer/components/CustomerFormSheet.tsx(763,96): error TS17004: Cannot use JSX unless the '--jsx' flag is provided.
src/modules/customer-relationship-management/customer-management/customer/components/CustomerFormSheet.tsx(767,41): error TS17004: Cannot use JSX unless the '--jsx' flag is provided.
src/modules/customer-relationship-management/customer-management/customer/components/CustomerFormSheet.tsx(768,45): error TS17004: Cannot use JSX unless the '--jsx' flag is provided.
src/modules/customer-relationship-management/customer-management/customer/components/CustomerFormSheet.tsx(769,108): error TS17004: Cannot use JSX unless the '--jsx' flag is provided.
src/modules/customer-relationship-management/customer-management/customer/components/CustomerFormSheet.tsx(769,121): error TS17004: Cannot use JSX unless the '--jsx' flag is provided.
src/modules/customer-relationship-management/customer-management/customer/components/CustomerFormSheet.tsx(772,96): error TS17004: Cannot use JSX unless the '--jsx' flag is provided.
src/modules/customer-relationship-management/customer-management/customer/components/CustomerFormSheet.tsx(779,33): error TS17004: Cannot use JSX unless the '--jsx' flag is provided.
src/modules/customer-relationship-management/customer-management/customer/components/CustomerFormSheet.tsx(780,37): error TS17004: Cannot use JSX unless the '--jsx' flag is provided.
src/modules/customer-relationship-management/customer-management/customer/components/CustomerFormSheet.tsx(790,25): error TS17004: Cannot use JSX unless the '--jsx' flag is provided.
src/modules/customer-relationship-management/customer-management/customer/components/CustomerFormSheet.tsx(792,29): error TS17004: Cannot use JSX unless the '--jsx' flag is provided.
src/modules/customer-relationship-management/customer-management/customer/components/CustomerFormSheet.tsx(796,29): error TS17004: Cannot use JSX unless the '--jsx' flag is provided.
src/modules/customer-relationship-management/customer-management/customer/components/CustomerFormSheet.tsx(798,65): error TS17004: Cannot use JSX unless the '--jsx' flag is provided.
src/modules/customer-relationship-management/customer-management/customer/components/CustomerTable.tsx(6,8): error TS2307: Cannot find module '@/components/ui/table' or its corresponding type declarations.
src/modules/customer-relationship-management/customer-management/customer/components/CustomerTable.tsx(10,8): error TS2307: Cannot find module '@/components/ui/dropdown-menu' or its corresponding type declarations.
src/modules/customer-relationship-management/customer-management/customer/components/CustomerTable.tsx(11,24): error TS2307: Cannot find module '@/components/ui/button' or its corresponding type declarations.
src/modules/customer-relationship-management/customer-management/customer/components/CustomerTable.tsx(12,23): error TS2307: Cannot find module '@/components/ui/input' or its corresponding type declarations.
src/modules/customer-relationship-management/customer-management/customer/components/CustomerTable.tsx(17,26): error TS2307: Cannot find module '@/components/ui/skeleton' or its corresponding type declarations.
src/modules/customer-relationship-management/customer-management/customer/components/CustomerTable.tsx(18,23): error TS2307: Cannot find module '@/components/ui/badge' or its corresponding type declarations.
src/modules/customer-relationship-management/customer-management/customer/components/CustomerTable.tsx(19,35): error TS6142: Module './CustomerFormSheet' was resolved to 'C:/Users/peral/WebstormProjects/customer-relationship-management/src/modules/customer-relationship-management/customer-management/customer/components/CustomerFormSheet.tsx', but '--jsx' is not set.
src/modules/customer-relationship-management/customer-management/customer/components/CustomerTable.tsx(20,29): error TS6142: Module './CustomerRow' was resolved to 'C:/Users/peral/WebstormProjects/customer-relationship-management/src/modules/customer-relationship-management/customer-management/customer/components/CustomerRow.tsx', but '--jsx' is not set.
src/modules/customer-relationship-management/customer-management/customer/components/CustomerTable.tsx(23,8): error TS2307: Cannot find module '@/components/ui/select' or its corresponding type declarations.
src/modules/customer-relationship-management/customer-management/customer/components/CustomerTable.tsx(137,9): error TS17004: Cannot use JSX unless the '--jsx' flag is provided.
src/modules/customer-relationship-management/customer-management/customer/components/CustomerTable.tsx(139,13): error TS17004: Cannot use JSX unless the '--jsx' flag is provided.
src/modules/customer-relationship-management/customer-management/customer/components/CustomerTable.tsx(140,17): error TS17004: Cannot use JSX unless the '--jsx' flag is provided.
src/modules/customer-relationship-management/customer-management/customer/components/CustomerTable.tsx(141,21): error TS17004: Cannot use JSX unless the '--jsx' flag is provided.
src/modules/customer-relationship-management/customer-management/customer/components/CustomerTable.tsx(142,21): error TS17004: Cannot use JSX unless the '--jsx' flag is provided.
src/modules/customer-relationship-management/customer-management/customer/components/CustomerTable.tsx(150,17): error TS17004: Cannot use JSX unless the '--jsx' flag is provided.
src/modules/customer-relationship-management/customer-management/customer/components/CustomerTable.tsx(152,21): error TS17004: Cannot use JSX unless the '--jsx' flag is provided.
src/modules/customer-relationship-management/customer-management/customer/components/CustomerTable.tsx(153,25): error TS17004: Cannot use JSX unless the '--jsx' flag is provided.
src/modules/customer-relationship-management/customer-management/customer/components/CustomerTable.tsx(154,29): error TS17004: Cannot use JSX unless the '--jsx' flag is provided.
src/modules/customer-relationship-management/customer-management/customer/components/CustomerTable.tsx(156,25): error TS17004: Cannot use JSX unless the '--jsx' flag is provided.
src/modules/customer-relationship-management/customer-management/customer/components/CustomerTable.tsx(157,29): error TS17004: Cannot use JSX unless the '--jsx' flag is provided.
src/modules/customer-relationship-management/customer-management/customer/components/CustomerTable.tsx(159,33): error TS17004: Cannot use JSX unless the '--jsx' flag is provided.
src/modules/customer-relationship-management/customer-management/customer/components/CustomerTable.tsx(165,21): error TS17004: Cannot use JSX unless the '--jsx' flag is provided.
src/modules/customer-relationship-management/customer-management/customer/components/CustomerTable.tsx(166,25): error TS17004: Cannot use JSX unless the '--jsx' flag is provided.
src/modules/customer-relationship-management/customer-management/customer/components/CustomerTable.tsx(167,29): error TS17004: Cannot use JSX unless the '--jsx' flag is provided.
src/modules/customer-relationship-management/customer-management/customer/components/CustomerTable.tsx(169,25): error TS17004: Cannot use JSX unless the '--jsx' flag is provided.
src/modules/customer-relationship-management/customer-management/customer/components/CustomerTable.tsx(170,29): error TS17004: Cannot use JSX unless the '--jsx' flag is provided.
src/modules/customer-relationship-management/customer-management/customer/components/CustomerTable.tsx(172,33): error TS17004: Cannot use JSX unless the '--jsx' flag is provided.
src/modules/customer-relationship-management/customer-management/customer/components/CustomerTable.tsx(178,21): error TS17004: Cannot use JSX unless the '--jsx' flag is provided.
src/modules/customer-relationship-management/customer-management/customer/components/CustomerTable.tsx(179,25): error TS17004: Cannot use JSX unless the '--jsx' flag is provided.
src/modules/customer-relationship-management/customer-management/customer/components/CustomerTable.tsx(180,29): error TS17004: Cannot use JSX unless the '--jsx' flag is provided.
src/modules/customer-relationship-management/customer-management/customer/components/CustomerTable.tsx(181,33): error TS17004: Cannot use JSX unless the '--jsx' flag is provided.
src/modules/customer-relationship-management/customer-management/customer/components/CustomerTable.tsx(182,60): error TS17004: Cannot use JSX unless the '--jsx' flag is provided.
src/modules/customer-relationship-management/customer-management/customer/components/CustomerTable.tsx(185,25): error TS17004: Cannot use JSX unless the '--jsx' flag is provided.
src/modules/customer-relationship-management/customer-management/customer/components/CustomerTable.tsx(186,29): error TS17004: Cannot use JSX unless the '--jsx' flag is provided.
src/modules/customer-relationship-management/customer-management/customer/components/CustomerTable.tsx(187,33): error TS17004: Cannot use JSX unless the '--jsx' flag is provided.
src/modules/customer-relationship-management/customer-management/customer/components/CustomerTable.tsx(188,33): error TS17004: Cannot use JSX unless the '--jsx' flag is provided.
src/modules/customer-relationship-management/customer-management/customer/components/CustomerTable.tsx(189,33): error TS17004: Cannot use JSX unless the '--jsx' flag is provided.
src/modules/customer-relationship-management/customer-management/customer/components/CustomerTable.tsx(192,33): error TS17004: Cannot use JSX unless the '--jsx' flag is provided.
src/modules/customer-relationship-management/customer-management/customer/components/CustomerTable.tsx(193,37): error TS17004: Cannot use JSX unless the '--jsx' flag is provided.
src/modules/customer-relationship-management/customer-management/customer/components/CustomerTable.tsx(194,37): error TS17004: Cannot use JSX unless the '--jsx' flag is provided.
src/modules/customer-relationship-management/customer-management/customer/components/CustomerTable.tsx(195,41): error TS17004: Cannot use JSX unless the '--jsx' flag is provided.
src/modules/customer-relationship-management/customer-management/customer/components/CustomerTable.tsx(203,21): error TS17004: Cannot use JSX unless the '--jsx' flag is provided.
src/modules/customer-relationship-management/customer-management/customer/components/CustomerTable.tsx(204,37): error TS17004: Cannot use JSX unless the '--jsx' flag is provided.
src/modules/customer-relationship-management/customer-management/customer/components/CustomerTable.tsx(204,89): error TS17004: Cannot use JSX unless the '--jsx' flag is provided.
src/modules/customer-relationship-management/customer-management/customer/components/CustomerTable.tsx(211,13): error TS17004: Cannot use JSX unless the '--jsx' flag is provided.
src/modules/customer-relationship-management/customer-management/customer/components/CustomerTable.tsx(212,17): error TS17004: Cannot use JSX unless the '--jsx' flag is provided.
src/modules/customer-relationship-management/customer-management/customer/components/CustomerTable.tsx(213,21): error TS17004: Cannot use JSX unless the '--jsx' flag is provided.
src/modules/customer-relationship-management/customer-management/customer/components/CustomerTable.tsx(214,25): error TS17004: Cannot use JSX unless the '--jsx' flag is provided.
src/modules/customer-relationship-management/customer-management/customer/components/CustomerTable.tsx(215,29): error TS17004: Cannot use JSX unless the '--jsx' flag is provided.
src/modules/customer-relationship-management/customer-management/customer/components/CustomerTable.tsx(216,29): error TS17004: Cannot use JSX unless the '--jsx' flag is provided.
src/modules/customer-relationship-management/customer-management/customer/components/CustomerTable.tsx(217,29): error TS17004: Cannot use JSX unless the '--jsx' flag is provided.
src/modules/customer-relationship-management/customer-management/customer/components/CustomerTable.tsx(218,29): error TS17004: Cannot use JSX unless the '--jsx' flag is provided.
src/modules/customer-relationship-management/customer-management/customer/components/CustomerTable.tsx(219,29): error TS17004: Cannot use JSX unless the '--jsx' flag is provided.
src/modules/customer-relationship-management/customer-management/customer/components/CustomerTable.tsx(220,29): error TS17004: Cannot use JSX unless the '--jsx' flag is provided.
src/modules/customer-relationship-management/customer-management/customer/components/CustomerTable.tsx(221,29): error TS17004: Cannot use JSX unless the '--jsx' flag is provided.
src/modules/customer-relationship-management/customer-management/customer/components/CustomerTable.tsx(222,29): error TS17004: Cannot use JSX unless the '--jsx' flag is provided.
src/modules/customer-relationship-management/customer-management/customer/components/CustomerTable.tsx(223,29): error TS17004: Cannot use JSX unless the '--jsx' flag is provided.
src/modules/customer-relationship-management/customer-management/customer/components/CustomerTable.tsx(226,21): error TS17004: Cannot use JSX unless the '--jsx' flag is provided.
src/modules/customer-relationship-management/customer-management/customer/components/CustomerTable.tsx(229,33): error TS17004: Cannot use JSX unless the '--jsx' flag is provided.
src/modules/customer-relationship-management/customer-management/customer/components/CustomerTable.tsx(230,37): error TS17004: Cannot use JSX unless the '--jsx' flag is provided.
src/modules/customer-relationship-management/customer-management/customer/components/CustomerTable.tsx(230,70): error TS17004: Cannot use JSX unless the '--jsx' flag is provided.
src/modules/customer-relationship-management/customer-management/customer/components/CustomerTable.tsx(231,37): error TS17004: Cannot use JSX unless the '--jsx' flag is provided.
src/modules/customer-relationship-management/customer-management/customer/components/CustomerTable.tsx(231,70): error TS17004: Cannot use JSX unless the '--jsx' flag is provided.
src/modules/customer-relationship-management/customer-management/customer/components/CustomerTable.tsx(231,108): error TS17004: Cannot use JSX unless the '--jsx' flag is provided.
src/modules/customer-relationship-management/customer-management/customer/components/CustomerTable.tsx(232,37): error TS17004: Cannot use JSX unless the '--jsx' flag is provided.
src/modules/customer-relationship-management/customer-management/customer/components/CustomerTable.tsx(232,70): error TS17004: Cannot use JSX unless the '--jsx' flag is provided.
src/modules/customer-relationship-management/customer-management/customer/components/CustomerTable.tsx(232,108): error TS17004: Cannot use JSX unless the '--jsx' flag is provided.
src/modules/customer-relationship-management/customer-management/customer/components/CustomerTable.tsx(233,37): error TS17004: Cannot use JSX unless the '--jsx' flag is provided.
src/modules/customer-relationship-management/customer-management/customer/components/CustomerTable.tsx(233,70): error TS17004: Cannot use JSX unless the '--jsx' flag is provided.
src/modules/customer-relationship-management/customer-management/customer/components/CustomerTable.tsx(234,37): error TS17004: Cannot use JSX unless the '--jsx' flag is provided.
src/modules/customer-relationship-management/customer-management/customer/components/CustomerTable.tsx(234,70): error TS17004: Cannot use JSX unless the '--jsx' flag is provided.
src/modules/customer-relationship-management/customer-management/customer/components/CustomerTable.tsx(235,37): error TS17004: Cannot use JSX unless the '--jsx' flag is provided.
src/modules/customer-relationship-management/customer-management/customer/components/CustomerTable.tsx(235,70): error TS17004: Cannot use JSX unless the '--jsx' flag is provided.
src/modules/customer-relationship-management/customer-management/customer/components/CustomerTable.tsx(235,108): error TS17004: Cannot use JSX unless the '--jsx' flag is provided.
src/modules/customer-relationship-management/customer-management/customer/components/CustomerTable.tsx(236,37): error TS17004: Cannot use JSX unless the '--jsx' flag is provided.
src/modules/customer-relationship-management/customer-management/customer/components/CustomerTable.tsx(236,70): error TS17004: Cannot use JSX unless the '--jsx' flag is provided.
src/modules/customer-relationship-management/customer-management/customer/components/CustomerTable.tsx(237,37): error TS17004: Cannot use JSX unless the '--jsx' flag is provided.
src/modules/customer-relationship-management/customer-management/customer/components/CustomerTable.tsx(237,70): error TS17004: Cannot use JSX unless the '--jsx' flag is provided.
src/modules/customer-relationship-management/customer-management/customer/components/CustomerTable.tsx(238,37): error TS17004: Cannot use JSX unless the '--jsx' flag is provided.
src/modules/customer-relationship-management/customer-management/customer/components/CustomerTable.tsx(238,81): error TS17004: Cannot use JSX unless the '--jsx' flag is provided.
src/modules/customer-relationship-management/customer-management/customer/components/CustomerTable.tsx(242,29): error TS17004: Cannot use JSX unless the '--jsx' flag is provided.
src/modules/customer-relationship-management/customer-management/customer/components/CustomerTable.tsx(243,33): error TS17004: Cannot use JSX unless the '--jsx' flag is provided.
src/modules/customer-relationship-management/customer-management/customer/components/CustomerTable.tsx(244,37): error TS17004: Cannot use JSX unless the '--jsx' flag is provided.
src/modules/customer-relationship-management/customer-management/customer/components/CustomerTable.tsx(245,41): error TS17004: Cannot use JSX unless the '--jsx' flag is provided.
src/modules/customer-relationship-management/customer-management/customer/components/CustomerTable.tsx(246,41): error TS17004: Cannot use JSX unless the '--jsx' flag is provided.
src/modules/customer-relationship-management/customer-management/customer/components/CustomerTable.tsx(252,33): error TS17004: Cannot use JSX unless the '--jsx' flag is provided.
src/modules/customer-relationship-management/customer-management/customer/components/CustomerTable.tsx(266,13): error TS17004: Cannot use JSX unless the '--jsx' flag is provided.
src/modules/customer-relationship-management/customer-management/customer/components/CustomerTable.tsx(267,17): error TS17004: Cannot use JSX unless the '--jsx' flag is provided.
src/modules/customer-relationship-management/customer-management/customer/components/CustomerTable.tsx(269,25): error TS17004: Cannot use JSX unless the '--jsx' flag is provided.
src/modules/customer-relationship-management/customer-management/customer/components/CustomerTable.tsx(271,25): error TS17004: Cannot use JSX unless the '--jsx' flag is provided.
src/modules/customer-relationship-management/customer-management/customer/components/CustomerTable.tsx(274,17): error TS17004: Cannot use JSX unless the '--jsx' flag is provided.
src/modules/customer-relationship-management/customer-management/customer/components/CustomerTable.tsx(275,21): error TS17004: Cannot use JSX unless the '--jsx' flag is provided.
src/modules/customer-relationship-management/customer-management/customer/components/CustomerTable.tsx(276,25): error TS17004: Cannot use JSX unless the '--jsx' flag is provided.
src/modules/customer-relationship-management/customer-management/customer/components/CustomerTable.tsx(277,25): error TS17004: Cannot use JSX unless the '--jsx' flag is provided.
src/modules/customer-relationship-management/customer-management/customer/components/CustomerTable.tsx(278,29): error TS17004: Cannot use JSX unless the '--jsx' flag is provided.
src/modules/customer-relationship-management/customer-management/customer/components/CustomerTable.tsx(279,33): error TS17004: Cannot use JSX unless the '--jsx' flag is provided.
src/modules/customer-relationship-management/customer-management/customer/components/CustomerTable.tsx(281,29): error TS17004: Cannot use JSX unless the '--jsx' flag is provided.
src/modules/customer-relationship-management/customer-management/customer/components/CustomerTable.tsx(283,37): error TS17004: Cannot use JSX unless the '--jsx' flag is provided.
src/modules/customer-relationship-management/customer-management/customer/components/CustomerTable.tsx(288,21): error TS17004: Cannot use JSX unless the '--jsx' flag is provided.
src/modules/customer-relationship-management/customer-management/customer/components/CustomerTable.tsx(291,21): error TS17004: Cannot use JSX unless the '--jsx' flag is provided.
src/modules/customer-relationship-management/customer-management/customer/components/CustomerTable.tsx(292,25): error TS17004: Cannot use JSX unless the '--jsx' flag is provided.
src/modules/customer-relationship-management/customer-management/customer/components/CustomerTable.tsx(293,29): error TS17004: Cannot use JSX unless the '--jsx' flag is provided.
src/modules/customer-relationship-management/customer-management/customer/components/CustomerTable.tsx(295,25): error TS17004: Cannot use JSX unless the '--jsx' flag is provided.
src/modules/customer-relationship-management/customer-management/customer/components/CustomerTable.tsx(296,29): error TS17004: Cannot use JSX unless the '--jsx' flag is provided.
src/modules/customer-relationship-management/customer-management/customer/components/CustomerTable.tsx(298,25): error TS17004: Cannot use JSX unless the '--jsx' flag is provided.
src/modules/customer-relationship-management/customer-management/customer/components/CustomerTable.tsx(299,29): error TS17004: Cannot use JSX unless the '--jsx' flag is provided.
src/modules/customer-relationship-management/customer-management/customer/components/CustomerTable.tsx(301,25): error TS17004: Cannot use JSX unless the '--jsx' flag is provided.
src/modules/customer-relationship-management/customer-management/customer/components/CustomerTable.tsx(302,29): error TS17004: Cannot use JSX unless the '--jsx' flag is provided.
src/modules/customer-relationship-management/customer-management/customer/components/CustomerTable.tsx(308,13): error TS17004: Cannot use JSX unless the '--jsx' flag is provided.
src/modules/customer-relationship-management/customer-management/customer/components/CustomerTable.tsx(312,17): error TS2322: Type '(data: CustomerFormData) => Promise<void>' is not assignable to type '(data: { customer_code: string; customer_name: string; store_name: string; store_signage: string; contact_number: string; brgy: string; city: string; province: string; type: "Regular" | "Employee"; ... 13 more ...; discount_type?: number; }) => Promise<...>'.
  Types of parameters 'data' and 'data' are incompatible.
    Type '{ customer_code: string; customer_name: string; store_name: string; store_signage: string; contact_number: string; brgy: string; city: string; province: string; type: "Regular" | "Employee"; ... 13 more ...; discount_type?: number; }' is not assignable to type 'CustomerFormData'.
      Property 'store_type' is optional in type '{ customer_code: string; customer_name: string; store_name: string; store_signage: string; contact_number: string; brgy: string; city: string; province: string; type: "Regular" | "Employee"; ... 13 more ...; discount_type?: number; }' but required in type 'CustomerFormData'.
